[36mvite v5.4.21 [32mbuilding for production...[36m[39m
transforming...
[32mΓ£ô[39m 1585 modules transformed.
rendering chunks...
computing gzip size...
[2mdist/[22m[32mindex.html                          [39m[1m[2m    0.98 kB[22m[1m[22m[2m Γöé gzip:   0.53 kB[22m
[2mdist/[22m[35massets/index-BGHtQl8Z.css           [39m[1m[2m   81.73 kB[22m[1m[22m[2m Γöé gzip:  18.13 kB[22m
[2mdist/[22m[36massets/purify.es-B9ZVCkUG.js        [39m[1m[2m   22.64 kB[22m[1m[22m[2m Γöé gzip:   8.75 kB[22m
[2mdist/[22m[36massets/index.es-DZT6xOTJ.js         [39m[1m[2m  150.47 kB[22m[1m[22m[2m Γöé gzip:  51.44 kB[22m
[2mdist/[22m[36massets/html2canvas.esm-CBrSDip1.js  [39m[1m[2m  201.42 kB[22m[1m[22m[2m Γöé gzip:  48.03 kB[22m
[2mdist/[22m[36massets/index-Ces9acY_.js            [39m[1m[33m1,594.21 kB[39m[22m[2m Γöé gzip: 498.99 kB[22m
[33m
(!) Some chunks are larger than 500 kB after minification. Consider:
- Using dynamic import() to code-split the application
- Use build.rollupOptions.output.manualChunks to improve chunking: https://rollupjs.org/configuration-options/#output-manualchunks
- Adjust chunk size limit for this warning via build.chunkSizeWarningLimit.[39m
[32mΓ£ô built in 8.12s[39m
